[    0.000000] Initializing cgroup subsys cpuset
[    0.000000] Initializing cgroup subsys cpu
[    0.000000] Initializing cgroup subsys cpuacct
[    0.000000] Linux version 4.4.0-142-generic (buildd@lgw01-amd64-033) (gcc version 5.4.0 20160609 (Ubuntu 5.4.0-6ubuntu1~16.04.10) ) #168-Ubuntu SMP Wed Jan 16 21:00:45 UTC 2019 (Ubuntu 4.4.0-142.168-generic 4.4.167)
[    0.000000] Command line: BOOT_IMAGE=/boot/vmlinuz-4.4.0-142-generic root=LABEL=cloudimg-rootfs ro console=tty1 console=ttyS0
[    0.000000] KERNEL supported cpus:
[    0.000000]   Intel GenuineIntel
[    0.000000]   AMD AuthenticAMD
[    0.000000]   Centaur CentaurHauls
[    0.000000] x86/fpu: xstate_offset[2]:  576, xstate_sizes[2]:  256
[    0.000000] x86/fpu: Supporting XSAVE feature 0x01: 'x87 floating point registers'
[    0.000000] x86/fpu: Supporting XSAVE feature 0x02: 'SSE registers'
[    0.000000] x86/fpu: Supporting XSAVE feature 0x04: 'AVX registers'
[    0.000000] x86/fpu: Enabled xstate features 0x7, context size is 832 bytes, using 'standard' format.
[    0.000000] e820: BIOS-provided physical RAM map:
[    0.000000] BIOS-e820: [mem 0x0000000000000000-0x000000000009fbff] usable
[    0.000000] BIOS-e820: [mem 0x000000000009fc00-0x000000000009ffff] reserved
[    0.000000] BIOS-e820: [mem 0x00000000000f0000-0x00000000000fffff] reserved
[    0.000000] BIOS-e820: [mem 0x0000000000100000-0x000000001ffeffff] usable
[    0.000000] BIOS-e820: [mem 0x000000001fff0000-0x000000001fffffff] ACPI data
[    0.000000] BIOS-e820: [mem 0x00000000fec00000-0x00000000fec00fff] reserved
[    0.000000] BIOS-e820: [mem 0x00000000fee00000-0x00000000fee00fff] reserved
[    0.000000] BIOS-e820: [mem 0x00000000fffc0000-0x00000000ffffffff] reserved
[    0.000000] NX (Execute Disable) protection: active
[    0.000000] SMBIOS 2.5 present.
[    0.000000] Hypervisor detected: KVM
[    0.000000] e820: last_pfn = 0x1fff0 max_arch_pfn = 0x400000000
[    0.000000] MTRR: Disabled
[    0.000000] x86/PAT: MTRRs disabled, skipping PAT initialization too.
[    0.000000] CPU MTRRs all blank - virtualized system.
[    0.000000] x86/PAT: Configuration [0-7]: WB  WT  UC- UC  WB  WT  UC- UC  
[    0.000000] found SMP MP-table at [mem 0x0009fff0-0x0009ffff] mapped at [ffff88000009fff0]
[    0.000000] Scanning 1 areas for low memory corruption
[    0.000000] RAMDISK: [mem 0x1e9a1000-0x1f814fff]
[    0.000000] ACPI: Early table checksum verification disabled
[    0.000000] ACPI: RSDP 0x00000000000E0000 000024 (v02 VBOX  )
[    0.000000] ACPI: XSDT 0x000000001FFF0030 00003C (v01 VBOX   VBOXXSDT 00000001 ASL  00000061)
[    0.000000] ACPI: FACP 0x000000001FFF00F0 0000F4 (v04 VBOX   VBOXFACP 00000001 ASL  00000061)
[    0.000000] ACPI: DSDT 0x000000001FFF0470 0022EA (v02 VBOX   VBOXBIOS 00000002 INTL 20100528)
[    0.000000] ACPI: FACS 0x000000001FFF0200 000040
[    0.000000] ACPI: FACS 0x000000001FFF0200 000040
[    0.000000] ACPI: APIC 0x000000001FFF0240 00005C (v02 VBOX   VBOXAPIC 00000001 ASL  00000061)
[    0.000000] ACPI: SSDT 0x000000001FFF02A0 0001CC (v01 VBOX   VBOXCPUT 00000002 INTL 20100528)
[    0.000000] No NUMA configuration found
[    0.000000] Faking a node at [mem 0x0000000000000000-0x000000001ffeffff]
[    0.000000] NODE_DATA(0) allocated [mem 0x1ffeb000-0x1ffeffff]
[    0.000000] kvm-clock: Using msrs 4b564d01 and 4b564d00
[    0.000000] kvm-clock: cpu 0, msr 0:1ffe3001, primary cpu clock
[    0.000000] kvm-clock: using sched offset of 4360690957 cycles
[    0.000000] clocksource: kvm-clock: mask: 0xffffffffffffffff max_cycles: 0x1cd42e4dffb, max_idle_ns: 881590591483 ns
[    0.000000] Zone ranges:
[    0.000000]   DMA      [mem 0x0000000000001000-0x0000000000ffffff]
[    0.000000]   DMA32    [mem 0x0000000001000000-0x000000001ffeffff]
[    0.000000]   Normal   empty
[    0.000000]   Device   empty
[    0.000000] Movable zone start for each node
[    0.000000] Early memory node ranges
[    0.000000]   node   0: [mem 0x0000000000001000-0x000000000009efff]
[    0.000000]   node   0: [mem 0x0000000000100000-0x000000001ffeffff]
[    0.000000] Initmem setup node 0 [mem 0x0000000000001000-0x000000001ffeffff]
[    0.000000] ACPI: PM-Timer IO Port: 0x4008
[    0.000000] IOAPIC[0]: apic_id 2, version 32, address 0xfec00000, GSI 0-23
[    0.000000] ACPI: INT_SRC_OVR (bus 0 bus_irq 0 global_irq 2 dfl dfl)
[    0.000000] ACPI: INT_SRC_OVR (bus 0 bus_irq 9 global_irq 9 low level)
[    0.000000] Using ACPI (MADT) for SMP configuration information
[    0.000000] smpboot: Allowing 2 CPUs, 0 hotplug CPUs
[    0.000000] PM: Registered nosave memory: [mem 0x00000000-0x00000fff]
[    0.000000] PM: Registered nosave memory: [mem 0x0009f000-0x0009ffff]
[    0.000000] PM: Registered nosave memory: [mem 0x000a0000-0x000effff]
[    0.000000] PM: Registered nosave memory: [mem 0x000f0000-0x000fffff]
[    0.000000] e820: [mem 0x20000000-0xfebfffff] available for PCI devices
[    0.000000] Booting paravirtualized kernel on KVM
[    0.000000] clocksource: refined-jiffies: mask: 0xffffffff max_cycles: 0xffffffff, max_idle_ns: 7645519600211568 ns
[    0.000000] setup_percpu: NR_CPUS:512 nr_cpumask_bits:512 nr_cpu_ids:2 nr_node_ids:1
[    0.000000] PERCPU: Embedded 34 pages/cpu @ffff88001fc00000 s99480 r8192 d31592 u1048576
[    0.000000] Built 1 zonelists in Node order, mobility grouping on.  Total pages: 128888
[    0.000000] Policy zone: DMA32
[    0.000000] Kernel command line: BOOT_IMAGE=/boot/vmlinuz-4.4.0-142-generic root=LABEL=cloudimg-rootfs ro console=tty1 console=ttyS0
[    0.000000] PID hash table entries: 2048 (order: 2, 16384 bytes)
[    0.000000] Memory: 481652K/523832K available (8603K kernel code, 1332K rwdata, 4004K rodata, 1484K init, 1316K bss, 42180K reserved, 0K cma-reserved)
[    0.000000] SLUB: HWalign=64, Order=0-3, MinObjects=0, CPUs=2, Nodes=1
[    0.000000] Kernel/User page tables isolation: enabled
[    0.000000] Hierarchical RCU implementation.
[    0.000000] 	Build-time adjustment of leaf fanout to 64.
[    0.000000] 	RCU restricting CPUs from NR_CPUS=512 to nr_cpu_ids=2.
[    0.000000] RCU: Adjusting geometry for rcu_fanout_leaf=64, nr_cpu_ids=2
[    0.000000] NR_IRQS:33024 nr_irqs:440 16
[    0.000000] Console: colour VGA+ 80x25
[    0.000000] console [tty1] enabled
[    0.000000] console [ttyS0] enabled
[    0.000000] tsc: Detected 2394.454 MHz processor
[    0.395934] Calibrating delay loop (skipped) preset value.. 4788.90 BogoMIPS (lpj=9577816)
[    0.400259] pid_max: default: 32768 minimum: 301
[    0.402374] ACPI: Core revision 20150930
[    0.409129] ACPI: 2 ACPI AML tables successfully acquired and loaded
[    0.412146] Security Framework initialized
[    0.414169] Yama: becoming mindful.
[    0.416019] AppArmor: AppArmor initialized
[    0.418177] Dentry cache hash table entries: 65536 (order: 7, 524288 bytes)
[    0.421648] Inode-cache hash table entries: 32768 (order: 6, 262144 bytes)
[    0.424954] Mount-cache hash table entries: 1024 (order: 1, 8192 bytes)
[    0.427766] Mountpoint-cache hash table entries: 1024 (order: 1, 8192 bytes)
[    0.431240] Initializing cgroup subsys io
[    0.433184] Initializing cgroup subsys memory
[    0.435368] Initializing cgroup subsys devices
[    0.439649] Initializing cgroup subsys freezer
[    0.443322] Initializing cgroup subsys net_cls
[    0.445623] Initializing cgroup subsys perf_event
[    0.448139] Initializing cgroup subsys net_prio
[    0.450392] Initializing cgroup subsys hugetlb
[    0.452502] Initializing cgroup subsys pids
[    0.455888] mce: CPU supports 0 MCE banks
[    0.458070] Last level iTLB entries: 4KB 1024, 2MB 1024, 4MB 1024
[    0.460729] Last level dTLB entries: 4KB 1024, 2MB 1024, 4MB 1024, 1GB 4
[    0.463913] Spectre V2 : Mitigation: Full generic retpoline
[    0.466367] Spectre V2 : Spectre v2 / SpectreRSB mitigation: Filling RSB on context switch
[    0.470370] Speculative Store Bypass: Vulnerable
[    0.480023] Freeing SMP alternatives memory: 32K
[    0.496406] ftrace: allocating 32277 entries in 127 pages
[    0.643214] smpboot: APIC(0) Converting physical 0 to logical package 0
[    0.646118] smpboot: Max logical packages: 1
[    0.648928] x2apic enabled
[    0.651255] Switched APIC routing to physical x2apic.
[    0.657041] ..TIMER: vector=0x30 apic1=0 pin1=2 apic2=-1 pin2=-1
[    0.766201] smpboot: CPU0: Intel(R) Core(TM) i7-4500U CPU @ 1.80GHz (family: 0x6, model: 0x45, stepping: 0x1)
[    0.771238] Performance Events: unsupported p6 CPU model 69 no PMU driver, software events only.
[    0.799007] KVM setup paravirtual spinlock
[    0.802003] x86: Booting SMP configuration:
[    0.804337] .... node  #0, CPUs:      #1
[    0.807242] kvm-clock: cpu 1, msr 0:1ffe3041, secondary cpu clock
[    0.811172] mce: CPU supports 0 MCE banks
[    0.815218] x86: Booted up 1 node, 2 CPUs
[    0.818137] smpboot: Total of 2 processors activated (9577.81 BogoMIPS)
[    0.826885] devtmpfs: initialized
[    0.844122] evm: security.selinux
[    0.849145] evm: security.SMACK64
[    0.851689] evm: security.SMACK64EXEC
[    0.854122] evm: security.SMACK64TRANSMUTE
[    0.856300] evm: security.SMACK64MMAP
[    0.858581] evm: security.ima
[    0.861031] evm: security.capability
[    0.864785] clocksource: jiffies: mask: 0xffffffff max_cycles: 0xffffffff, max_idle_ns: 7645041785100000 ns
[    0.869588] futex hash table entries: 512 (order: 3, 32768 bytes)
[    0.872640] pinctrl core: initialized pinctrl subsystem
[    0.876066] RTC time: 12:44:43, date: 02/13/19
[    0.880232] NET: Registered protocol family 16
[    0.896994] cpuidle: using governor ladder
[    0.911728] cpuidle: using governor menu
[    0.915066] PCCT header not found.
[    0.918159] ACPI: bus type PCI registered
[    0.921425] acpiphp: ACPI Hot Plug PCI Controller Driver version: 0.5
[    0.925984] PCI: Using configuration type 1 for base access
[    0.950608] ACPI: Added _OSI(Module Device)
[    0.953389] ACPI: Added _OSI(Processor Device)
[    0.956269] ACPI: Added _OSI(3.0 _SCP Extensions)
[    0.960060] ACPI: Added _OSI(Processor Aggregator Device)
[    0.967696] ACPI: Executed 1 blocks of module-level executable AML code
[    0.980092] ACPI: Interpreter enabled
[    0.983356] ACPI: (supports S0 S5)
[    0.985697] ACPI: Using IOAPIC for interrupt routing
[    0.988990] PCI: Using host bridge windows from ACPI; if necessary, use "pci=nocrs" and report a bug
[    1.013495] ACPI: PCI Root Bridge [PCI0] (domain 0000 [bus 00-ff])
[    1.016931] acpi PNP0A03:00: _OSC: OS supports [ASPM ClockPM Segments MSI]
[    1.021939] acpi PNP0A03:00: _OSC: not requesting OS control; OS requires [ExtendedConfig ASPM ClockPM MSI]
[    1.029047] acpi PNP0A03:00: fail to add MMCONFIG information, can't access extended PCI configuration space under this bridge.
[    1.037783] PCI host bridge to bus 0000:00
[    1.042756] pci_bus 0000:00: root bus resource [io  0x0000-0x0cf7 window]
[    1.050951] pci_bus 0000:00: root bus resource [io  0x0d00-0xffff window]
[    1.056869] pci_bus 0000:00: root bus resource [mem 0x000a0000-0x000bffff window]
[    1.064088] pci_bus 0000:00: root bus resource [mem 0x20000000-0xfdffffff window]
[    1.068826] pci_bus 0000:00: root bus resource [bus 00-ff]
[    1.077785] pci 0000:00:01.1: legacy IDE quirk: reg 0x10: [io  0x01f0-0x01f7]
[    1.082758] pci 0000:00:01.1: legacy IDE quirk: reg 0x14: [io  0x03f6]
[    1.086420] pci 0000:00:01.1: legacy IDE quirk: reg 0x18: [io  0x0170-0x0177]
[    1.090191] pci 0000:00:01.1: legacy IDE quirk: reg 0x1c: [io  0x0376]
[    1.121890] pci 0000:00:07.0: quirk: [io  0x4000-0x403f] claimed by PIIX4 ACPI
[    1.127504] pci 0000:00:07.0: quirk: [io  0x4100-0x410f] claimed by PIIX4 SMB
[    1.201414] ACPI: PCI Interrupt Link [LNKA] (IRQs 5 9 10 *11)
[    1.208621] ACPI: PCI Interrupt Link [LNKB] (IRQs 5 9 *10 11)
[    1.217156] ACPI: PCI Interrupt Link [LNKC] (IRQs 5 *9 10 11)
[    1.223855] ACPI: PCI Interrupt Link [LNKD] (IRQs 5 9 10 *11)
[    1.232062] ACPI: Enabled 2 GPEs in block 00 to 07
[    1.236986] vgaarb: setting as boot device: PCI:0000:00:02.0
[    1.241487] vgaarb: device added: PCI:0000:00:02.0,decodes=io+mem,owns=io+mem,locks=none
[    1.258312] vgaarb: loaded
[    1.261320] vgaarb: bridge control possible 0000:00:02.0
[    1.268317] SCSI subsystem initialized
[    1.271896] ACPI: bus type USB registered
[    1.276371] usbcore: registered new interface driver usbfs
[    1.282518] usbcore: registered new interface driver hub
[    1.287725] usbcore: registered new device driver usb
[    1.294715] PCI: Using ACPI for IRQ routing
[    1.303151] NetLabel: Initializing
[    1.306286] NetLabel:  domain hash size = 128
[    1.310173] NetLabel:  protocols = UNLABELED CIPSOv4
[    1.317486] NetLabel:  unlabeled traffic allowed by default
[    1.323087] amd_nb: Cannot enumerate AMD northbridges
[    1.326621] clocksource: Switched to clocksource kvm-clock
[    1.360447] AppArmor: AppArmor Filesystem Enabled
[    1.363832] pnp: PnP ACPI init
[    1.368581] pnp: PnP ACPI: found 3 devices
[    1.388214] clocksource: acpi_pm: mask: 0xffffff max_cycles: 0xffffff, max_idle_ns: 2085701024 ns
[    1.394941] NET: Registered protocol family 2
[    1.398175] TCP established hash table entries: 4096 (order: 3, 32768 bytes)
[    1.401967] TCP bind hash table entries: 4096 (order: 4, 65536 bytes)
[    1.405464] TCP: Hash tables configured (established 4096 bind 4096)
[    1.409715] UDP hash table entries: 256 (order: 1, 8192 bytes)
[    1.412985] UDP-Lite hash table entries: 256 (order: 1, 8192 bytes)
[    1.417099] NET: Registered protocol family 1
[    1.419877] pci 0000:00:00.0: Limiting direct PCI/PCI transfers
[    1.423202] pci 0000:00:01.0: Activating ISA DMA hang workarounds
[    1.433006] Unpacking initramfs...
[    2.361961] Freeing initrd memory: 14800K
[    2.364806] RAPL PMU detected, API unit is 2^-32 Joules, 4 fixed counters 10737418240 ms ovfl timer
[    2.370107] hw unit of domain pp0-core 2^-0 Joules
[    2.373042] hw unit of domain package 2^-0 Joules
[    2.376225] hw unit of domain dram 2^-0 Joules
[    2.378305] hw unit of domain pp1-gpu 2^-0 Joules
[    2.380740] platform rtc_cmos: registered platform RTC device (no PNP device found)
[    2.385512] Scanning for low memory corruption every 60 seconds
[    2.389777] audit: initializing netlink subsys (disabled)
[    2.392672] audit: type=2000 audit(1550061890.411:1): initialized
[    2.396105] Initialise system trusted keyring
[    2.398835] HugeTLB registered 2 MB page size, pre-allocated 0 pages
[    2.405949] zbud: loaded
[    2.408733] VFS: Disk quotas dquot_6.6.0
[    2.411348] VFS: Dquot-cache hash table entries: 512 (order 0, 4096 bytes)
[    2.415638] squashfs: version 4.0 (2009/01/31) Phillip Lougher
[    2.419345] fuse init (API version 7.23)
[    2.421629] Key type big_key registered
[    2.423637] Allocating IMA MOK and blacklist keyrings.
[    2.428511] Key type asymmetric registered
[    2.430697] Asymmetric key parser 'x509' registered
[    2.433082] Block layer SCSI generic (bsg) driver version 0.4 loaded (major 249)
[    2.436820] io scheduler noop registered
[    2.439165] io scheduler deadline registered (default)
[    2.441596] io scheduler cfq registered
[    2.444249] pci_hotplug: PCI Hot Plug PCI Core version: 0.5
[    2.446888] pciehp: PCI Express Hot Plug Controller Driver version: 0.4
[    2.449955] ACPI: AC Adapter [AC] (on-line)
[    2.452143] input: Power Button as /devices/LNXSYSTM:00/LNXPWRBN:00/input/input0
[    2.455934] ACPI: Power Button [PWRF]
[    2.457927] input: Sleep Button as /devices/LNXSYSTM:00/LNXSLPBN:00/input/input1
[    2.463722] ACPI: Sleep Button [SLPF]
[    2.466878] GHES: HEST is not enabled!
[    2.468961] ACPI: Battery Slot [BAT0] (battery present)
[    2.473071] Serial: 8250/16550 driver, 32 ports, IRQ sharing enabled
 	
 !"#$%&'()*+,-./0123456789:;<=>?@ABCDEFGHIJKLMNOPQRSTUVWXYZ[\]^_`abcdefghijklmnopqrstuvwxyz{|}~ÄÅÇÉÑÖÜáàâäãåçéèêëíìîïñóòôöõúùûü†°¢£§•¶ß®©™´¨≠ÆØ∞±≤≥¥µ∂∑∏π∫ªºΩæø¿¡¬√ƒ≈∆«»… ÀÃÕŒœ–—“”‘’÷◊ÿŸ⁄€‹›ﬁﬂ‡·‚„‰ÂÊÁËÈÍÎÏÌÓÔÒÚÛÙıˆ˜¯˘˙˚¸˝˛ˇ[    2.500867] 00:02: ttyS0 at I/O 0x3f8 (irq = 4, base_baud = 115200) is a 16550A
[    2.510677] Linux agpgart interface v0.103
[    2.516373] loop: module loaded
[    2.519528] scsi host0: ata_piix
[    2.521446] scsi host1: ata_piix
[    2.523257] ata1: PATA max UDMA/33 cmd 0x1f0 ctl 0x3f6 bmdma 0xd000 irq 14
[    2.527357] ata2: PATA max UDMA/33 cmd 0x170 ctl 0x376 bmdma 0xd008 irq 15
[    2.530486] libphy: Fixed MDIO Bus: probed
[    2.532606] tun: Universal TUN/TAP device driver, 1.6
[    2.535011] tun: (C) 1999-2004 Max Krasnyansky <maxk@qualcomm.com>
[    2.537940] PPP generic driver version 2.4.2
[    2.540246] ehci_hcd: USB 2.0 'Enhanced' Host Controller (EHCI) Driver
[    2.543813] ehci-pci: EHCI PCI platform driver
[    2.545982] ehci-platform: EHCI generic platform driver
[    2.548416] ohci_hcd: USB 1.1 'Open' Host Controller (OHCI) Driver
[    2.551332] ohci-pci: OHCI PCI platform driver
[    2.553453] ohci-platform: OHCI generic platform driver
[    2.555864] uhci_hcd: USB Universal Host Controller Interface driver
[    2.559165] i8042: PNP: PS/2 Controller [PNP0303:PS2K,PNP0f03:PS2M] at 0x60,0x64 irq 1,12
[    2.563824] serio: i8042 KBD port at 0x60,0x64 irq 1
[    2.566138] serio: i8042 AUX port at 0x60,0x64 irq 12
[    2.568984] mousedev: PS/2 mouse device common for all mice
[    2.572205] input: AT Translated Set 2 keyboard as /devices/platform/i8042/serio0/input/input2
[    2.578497] rtc_cmos rtc_cmos: rtc core: registered rtc_cmos as rtc0
[    2.581440] rtc_cmos rtc_cmos: alarms up to one day, 114 bytes nvram
[    2.584319] i2c /dev entries driver
[    2.586243] device-mapper: uevent: version 1.0.3
[    2.588742] device-mapper: ioctl: 4.34.0-ioctl (2015-10-28) initialised: dm-devel@redhat.com
[    2.593415] ledtrig-cpu: registered to indicate activity on CPUs
[    2.597253] NET: Registered protocol family 10
[    2.600004] NET: Registered protocol family 17
[    2.602110] Key type dns_resolver registered
[    2.605436] registered taskstats version 1
[    2.607589] Loading compiled-in X.509 certificates
[    2.611746] Loaded X.509 cert 'Build time autogenerated kernel key: bff73e56bc0efa7435b2a24f5427674623f1be80'
[    2.616626] zswap: loaded using pool lzo/zbud
[    2.622124] Key type trusted registered
[    2.629952] Key type encrypted registered
[    2.632037] AppArmor: AppArmor sha1 policy hashing enabled
[    2.634444] ima: No TPM chip found, activating TPM-bypass!
[    2.637191] ima: Allocated hash algorithm: sha1
[    2.639498] evm: HMAC attrs: 0x1
[    2.641951]   Magic number: 7:906:733
[    2.644386] rtc_cmos rtc_cmos: setting system clock to 2019-02-13 12:44:45 UTC (1550061885)
[    2.649310] BIOS EDD facility v0.16 2004-Jun-25, 0 devices found
[    2.652215] EDD information not available.
[    2.692809] Freeing unused kernel memory: 1484K
[    2.695622] Write protecting the kernel read-only data: 14336k
[    2.700271] Freeing unused kernel memory: 1624K
[    2.703527] Freeing unused kernel memory: 92K
Loading, please wait...
starting version 229
[    2.734205] random: systemd-udevd: uninitialized urandom read (16 bytes read, 3 bits of entropy available)
[    2.736216] random: udevadm: uninitialized urandom read (16 bytes read, 3 bits of entropy available)
[    2.736257] random: udevadm: uninitialized urandom read (16 bytes read, 3 bits of entropy available)
[    2.757048] random: systemd-udevd: uninitialized urandom read (16 bytes read, 3 bits of entropy available)
[    2.763907] random: systemd-udevd: uninitialized urandom read (16 bytes read, 3 bits of entropy available)
[    2.766255] random: udevadm: uninitialized urandom read (16 bytes read, 3 bits of entropy available)
[    2.766345] random: udevadm: uninitialized urandom read (16 bytes read, 3 bits of entropy available)
[    2.766822] random: udevadm: uninitialized urandom read (16 bytes read, 3 bits of entropy available)
[    2.766937] random: udevadm: uninitialized urandom read (16 bytes read, 3 bits of entropy available)
[    2.767046] random: udevadm: uninitialized urandom read (16 bytes read, 3 bits of entropy available)
[    2.879279] e1000: Intel(R) PRO/1000 Network Driver - version 7.3.21-k8-NAPI
[    2.884679] e1000: Copyright (c) 1999-2006 Intel Corporation.
[    2.892190] Fusion MPT base driver 3.04.20
[    2.895054] Copyright (c) 1999-2008 LSI Corporation
[    2.913985] Fusion MPT SPI Host driver 3.04.20
[    2.953343] AVX2 version of gcm_enc/dec engaged.
[    2.955886] AES CTR mode by8 optimization enabled
[    3.132365] input: ImExPS/2 Generic Explorer Mouse as /devices/platform/i8042/serio1/input/input4
[    3.630714] tsc: Refined TSC clocksource calibration: 2393.689 MHz
[    3.633792] clocksource: tsc: mask: 0xffffffffffffffff max_cycles: 0x2280edaf255, max_idle_ns: 440795211038 ns
[    3.665684] e1000 0000:00:03.0 eth0: (PCI:33MHz:32-bit) 02:55:5e:85:41:49
[    3.668476] e1000 0000:00:03.0 eth0: Intel(R) PRO/1000 Network Connection
[    4.912688] e1000 0000:00:08.0 eth1: (PCI:33MHz:32-bit) 08:00:27:2b:e8:ba
[    4.915632] e1000 0000:00:08.0 eth1: Intel(R) PRO/1000 Network Connection
[    4.920106] e1000 0000:00:08.0 enp0s8: renamed from eth1
[    4.920301] mptbase: ioc0: Initiating bringup
[    4.940319] e1000 0000:00:03.0 enp0s3: renamed from eth0
[    4.991950] ioc0: LSI53C1030 A0: Capabilities={Initiator}
[    5.158335] scsi host2: ioc0: LSI53C1030 A0, FwRev=00000000h, Ports=1, MaxQ=256, IRQ=20
[    5.275198] scsi 2:0:0:0: Direct-Access     VBOX     HARDDISK         1.0  PQ: 0 ANSI: 5
[    5.279389] scsi target2:0:0: Beginning Domain Validation
[    5.285276] scsi target2:0:0: Domain Validation skipping write tests
[    5.288001] scsi target2:0:0: Ending Domain Validation
[    5.322419] scsi target2:0:0: asynchronous
[    5.325867] scsi 2:0:1:0: Direct-Access     VBOX     HARDDISK         1.0  PQ: 0 ANSI: 5
[    5.330271] scsi target2:0:1: Beginning Domain Validation
[    5.336133] scsi target2:0:1: Domain Validation skipping write tests
[    5.339108] scsi target2:0:1: Ending Domain Validation
[    5.341718] scsi target2:0:1: asynchronous
[    5.354550] sd 2:0:0:0: [sda] 20971520 512-byte logical blocks: (10.7 GB/10.0 GiB)
[    5.358824] sd 2:0:0:0: Attached scsi generic sg0 type 0
[    5.361589] sd 2:0:0:0: [sda] Write Protect is off
[    5.364613] sd 2:0:0:0: [sda] Incomplete mode parameter data
[    5.367292] sd 2:0:0:0: [sda] Assuming drive cache: write through
[    5.370988] sd 2:0:1:0: [sdb] 20480 512-byte logical blocks: (10.5 MB/10.0 MiB)
[    5.375251] sd 2:0:1:0: Attached scsi generic sg1 type 0
[    5.377475]  sda: sda1
[    5.378635] sd 2:0:1:0: [sdb] Write Protect is off
[    5.378975] sd 2:0:1:0: [sdb] Incomplete mode parameter data
[    5.378979] sd 2:0:1:0: [sdb] Assuming drive cache: write through
[    5.379720] sd 2:0:0:0: [sda] Attached SCSI disk
[    5.382794] sd 2:0:1:0: [sdb] Attached SCSI disk
Begin: Loading essential drivers ... [    7.464829] md: linear personality registered for level -1
[    7.471853] md: multipath personality registered for level -4
[    7.478905] md: raid0 personality registered for level 0
[    7.489085] md: raid1 personality registered for level 1
[    7.566773] raid6: sse2x1   gen()  2210 MB/s
[    7.634693] raid6: sse2x1   xor()  1478 MB/s
[    7.702915] raid6: sse2x2   gen()  3845 MB/s
[    7.770707] raid6: sse2x2   xor()  2623 MB/s
[    7.838654] raid6: sse2x4   gen()  4797 MB/s
[    7.906944] raid6: sse2x4   xor()  2834 MB/s
[    7.974770] raid6: avx2x1   gen()  4433 MB/s
[    8.042696] raid6: avx2x2   gen()  8995 MB/s
[    8.111026] raid6: avx2x4   gen() 12124 MB/s
[    8.113174] raid6: using algorithm avx2x4 gen() 12124 MB/s
[    8.116054] raid6: using avx2x2 recovery algorithm
[    8.120525] xor: automatically using best checksumming function:
[    8.162895]    avx       : 17504.000 MB/sec
[    8.171129] async_tx: api initialized (async)
[    8.192915] md: raid6 personality registered for level 6
[    8.195932] md: raid5 personality registered for level 5
[    8.199263] md: raid4 personality registered for level 4
[    8.213542] md: raid10 personality registered for level 10
done.
Begin: Running /scripts/init-premount ... done.
Begin: Mounting root file system ... Begin: Running /scripts/local-top ... done.
Begin: Running /scripts/local-premount ... [    8.288274] Btrfs loaded
Scanning for Btrfs filesystems
done.
Warning: fsck not present, so skipping root file system
[    8.337075] EXT4-fs (sda1): mounted filesystem with ordered data mode. Opts: (null)
done.
Begin: Running /scripts/local-bottom ... done.
Begin: Running /scripts/init-bottom ... done.
[    8.512427] systemd[1]: systemd 229 running in system mode. (+PAM +AUDIT +SELINUX +IMA +APPARMOR +SMACK +SYSVINIT +UTMP +LIBCRYPTSETUP +GCRYPT +GNUTLS +ACL +XZ -LZ4 +SECCOMP +BLKID +ELFUTILS +KMOD -IDN)
[    8.520807] systemd[1]: Detected virtualization oracle.
[    8.523257] systemd[1]: Detected architecture x86-64.

Welcome to [1mUbuntu 16.04.5 LTS[0m!

[    8.531031] systemd[1]: Set hostname to <ubuntu>.
[    8.537429] systemd[1]: Initializing machine ID from random generator.
[    8.540916] systemd[1]: Installed transient /etc/machine-id file.
[    8.735823] systemd[1]: Listening on udev Control Socket.
[[0;32m  OK  [0m] Listening on udev Control Socket.
[    8.740375] systemd[1]: Created slice User and Session Slice.
[[0;32m  OK  [0m] Created slice User and Session Slice.
[    8.751047] systemd[1]: Listening on Syslog Socket.
[[0;32m  OK  [0m] Listening on Syslog Socket.
[    8.755357] systemd[1]: Created slice System Slice.
[[0;32m  OK  [0m] Created slice System Slice.
[    8.767832] systemd[1]: Listening on Journal Socket.
[[0;32m  OK  [0m] Listening on Journal Socket.
[    8.783425] systemd[1]: Mounting Debug File System...
         Mounting Debug File System...
[    8.790286] systemd[1]: Mounting Huge Pages File System...
         Mounting Huge Pages File System...
[    8.796886] systemd[1]: Starting Remount Root and Kernel File Systems...
[    8.803630] EXT4-fssda1): re-mounted. Opts: (null)
         Starting Remount Root and Kernel File Systems...
[    8.809434] systemd[1]: Starting Create list of required static device nodes for the current kernel...
         Starting Create list of required st... nodes for the current kernel...
[    8.818555] systemd[1]: Reached target Encrypted Volumes.
[[0;32m  OK  [0m] Reached target Encrypted Volumes.
[    8.823330] systemd[1]: Started Forward Password Requests to Wall Directory Watch.
[[0;32m  OK  [0m] Started Forward Password Requests to Wall Directory Watch.
[    8.829310] systemd[1]: Reached target System Time Synchronized.
[[0;32m  OK  [0m] Reached target System Time Synchronized.
[    8.834232] systemd[1]: Listening on LVM2 poll daemon socket.
[[0;32m  OK  [0m] Listening on LVM2 poll daemon socket.
[    8.838664] systemd[1]: Reached target Swap.
[[0;32m  OK  [0m] Reached target Swap.
[    8.858752] systemd[1]: Mounting POSIX Message Queue File System...
         Mounting POSIX Message Queue File System...
[    8.864771] systemd[1]: Listening on /dev/initctl Compatibility Named Pipe.
[[0;32m  OK  [0m] Listening on /dev/initctl Compatibility Named Pipe.
[    8.872045] systemd[1]: Listening on LVM2 metadata daemon socket.
[[0;32m  OK  [0m] Listening on LVM2 metadata daemon socket.
[    8.876776] systemd[1]: Started Trigger resolvconf update for networkd DNS.
[[0;32m  OK  [0m] Started Trigger resolvconf update for networkd DNS.
[    8.883878] systemd[1]: Starting Nameserver information manager...
         Starting Nameserver information manager...
[    8.889284] systemd[1]: Listening on Journal Socket (/dev/log).
[[0;32m  OK  [0m] Listening on Journal Socket (/dev/log).
[    8.894614] systemd[1]: Listening on Journal Audit Socket.
[[0;32m  OK  [0m] Listening on Journal Audit Socket.
[    8.901935] systemd[1]: Starting Journal Service...
         Starting Journal Service...
[    8.906564] systemd[1]: Reached target Slices.
[[0;32m  OK  [0m] Reached target Slices.
[    8.911567] systemd[1]: Listening on udev Kernel Socket.
[[0;32m  OK  [0m] Listening on udev Kernel Socket.
[    8.917766] systemd[1]: Set up automount Arbitrary Executable File Formats File System Automount Point.
[[0;32m  OK  [0m] Set up automount Arbitrary Executab...ats File System Automount Point.
[    8.935104] systemd[1]: Reached target User and Group Name Lookups.
[[0;32m  OK  [0m] Reached target User and Group Name Lookups.
[    8.955535] systemd[1]: Starting Load Kernel Modules...
         Starting Load Kernel Modules...
[    8.963492] systemd[1]: Created slice system-serial\x2dgetty.slice.
[[0;32m  OK  [0m] Created slice system-serial\x2dgetty.slice.
[    8.974715] systemd[1]: Starting Set console keymap...
[    8.978525] Loading iSCSI transport class v2.0-870.
         Starting Set console keymap...
[    8.992575] systemd[1]: Starting Uncomplicated firewall...
         Starting Uncomplicated firewall...
[    9.004875] systemd[1]: Listening on Device-mapper event daemon FIFOs.
[    9.008811] iscsi: registered transport (tcp)
[[0;32m  OK  [0m] Listening on Device-mapper event daemon FIFOs.
[    9.014000] systemd[1]: Starting Monitoring of LVM2 mirrors, snapshots etc. using dmeventd or progress polling...
         Starting Monitoring of LVM2 mirrors... dmeventd or progress polling...
[    9.027580] systemd[1]: Mounted Debug File System.
[[0;32m  OK  [0m] Mounted Debug File System.
[    9.032985] systemd[1]: Mounted POSIX Message Queue File System.
[[0;32m  OK  [0m] Mounted POSIX Message Queue File System.
[    9.044378] systemd[1]: Mounted Huge Pages File System.
[[0;32m  OK  [0m] Mounted Huge Pages File System.
[    9.051410] systemd[1]: Started Journal Service.
[[0;32m  OK  [0m] Started Journal Service.
[[0;32m  OK  [0m] Started Remount Root and Kernel File Systems.
[[0;32m  OK  [0m] Started Create list of required sta...ce nodes for the current kernel.
[[0;32m  OK  [0m] Started Uncomplicated firewall.
[[0;32m  OK  [0m] Started Nameserver information manager.
[    9.186742] iscsi: registered transport (iser)
[[0;32m  OK  [0m] Started Load Kernel Modules.
[[0;32m  OK  [0m] Started Set console keymap.
         Starting Apply Kernel Variables...
         Mounting FUSE Control File System...
[[0;32m  OK  [0m] Started LVM2 metadata daemon.
         Starting Create Static Device Nodes in /dev...
         Starting udev Coldplug all Devices...
         Starting Load/Save Random Seed...
         Starting Flush Journal to Persistent Storage...
[[0;32m  OK  [0m] Mounted FUSE Control File System.
[[0;32m  OK  [0m] Started Apply Kernel Variables.
[[0;32m  OK  [0m] Started Create Static Device Nodes in /dev.
[[0;32m  OK  [0m] Started Load/Save Random Seed.
[[0;32m  OK  [0m] Started udev Coldplug all Devices.
[[0;32m  OK  [0m] Started Flush Journal to Persistent Storage.
         Starting udev Kernel Device Manager...
[[0;32m  OK  [0m] Started udev Kernel Device Manager.
[[0;32m  OK  [0m] Started Dispatch Password Requests to Console Directory Watch.
[[0;32m  OK  [0m] Started Monitoring of LVM2 mirrors,...ng dmeventd or progress polling.
[[0;32m  OK  [0m] Found device /dev/ttyS0.
[[0;32m  OK  [0m] Reached target Local File Systems (Pre).
[[0;32m  OK  [0m] Reached target Local File Systems.
         Starting Commit a transient machine-id on disk...
         Starting LSB: AppArmor initialization...
         Starting Set console font and keymap...
         Starting Tell Plymouth To Write Out Runtime Data...
         Starting Create Volatile Files and Directories...
         Starting Initial cloud-init job (pre-networking)...
[[0;32m  OK  [0m] Started Tell Plymouth To Write Out Runtime Data.
[[0;32m  OK  [0m] Started Commit a transient machine-id on disk.
[[0;32m  OK  [0m] Started Create Volatile Files and Directories.
         Starting Update UTMP about System Boot/Shutdown...
[[0;32m  OK  [0m] Started Update UTMP about System Boot/Shutdown.
[[0;32m  OK  [0m] Listening on Load/Save RF Kill Switch Status /dev/rfkill Watch.
[   12.225284] cloud-init[526]: Cloud-init v. 18.4-0ubuntu1~16.04.2 running 'init-local' at Wed, 13 Feb 2019 12:44:54 +0000. Up 11.36 seconds.
[[0;32m  OK  [0m] Started Initial cloud-init job (pre-networking).
[[0;32m  OK  [0m] Reached target Network (Pre).
[[0;32m  OK  [0m] Started LSB: AppArmor initialization.
         Starting Raise network interfaces...
[[0;32m  OK  [0m] Started Set console font and keymap.
[[0;32m  OK  [0m] Created slice system-getty.slice.
[[0;32m  OK  [0m] Started Raise network interfaces.
[[0;32m  OK  [0m] Reached target Network.
         Starting Initial cloud-init job (metadata service crawler)...
[   16.672158] cloud-init[956]: Cloud-init v. 18.4-0ubuntu1~16.04.2 running 'init' at Wed, 13 Feb 2019 12:44:58 +0000. Up 15.42 seconds.
[   16.675915] cloud-init[956]: ci-info: ++++++++++++++++++++++++++++++++++++++Net device info+++++++++++++++++++++++++++++++++++++++
[   16.679352] cloud-init[956]: ci-info: +--------+-------+----------------------------+---------------+--------+-------------------+
[   16.683761] cloud-init[956]: ci-info: | Device |   Up  |          Address           |      Mask     | Scope  |     Hw-Address    |
[   16.687299] cloud-init[956]: ci-info: +--------+-------+----------------------------+---------------+--------+-------------------+
[   16.690960] cloud-init[956]: ci-info: | enp0s3 |  True |         10.0.2.15          | 255.255.255.0 | global | 02:55:5e:85:41:49 |
[   16.694238] cloud-init[956]: ci-info: | enp0s3 |  True | fe80::55:5eff:fe85:4149/64 |       .       |  link  | 02:55:5e:85:41:49 |
[   16.698686] cloud-init[956]: ci-info: | enp0s8 | False |             .              |       .       |   .    | 08:00:27:2b:e8:ba |
[   16.702293] cloud-init[956]: ci-info: |   lo   |  True |         127.0.0.1          |   255.0.0.0   |  host  |         .         |
[   16.706272] cloud-init[956]: ci-info: |   lo   |  True |          ::1/128           |       .       |  host  |         .         |
[   16.709768] cloud-init[956]: ci-info: +--------+-------+----------------------------+---------------+--------+-------------------+
[   16.712891] cloud-init[956]: ci-info: +++++++++++++++++++++++++++Route IPv4 info++++++++++++++++++++++++++++
[   16.715950] cloud-init[956]: ci-info: +-------+-------------+----------+---------------+-----------+-------+
[   16.718902] cloud-init[956]: ci-info: | Route | Destination | Gateway  |    Genmask    | Interface | Flags |
[   16.722742] cloud-init[956]: ci-info: +-------+-------------+----------+---------------+-----------+-------+
[   16.725844] cloud-init[956]: ci-info: |   0   |   0.0.0.0   | 10.0.2.2 |    0.0.0.0    |   enp0s3  |   UG  |
[   16.737329] cloud-init[956]: ci-info: |   1   |   10.0.2.0  | 0.0.0.0  | 255.255.255.0 |   enp0s3  |   U   |
[   16.741763] cloud-init[956]: ci-info: +-------+-------------+----------+---------------+-----------+-------+
[   16.745152] cloud-init[956]: ci-info: +++++++++++++++++++Route IPv6 info+++++++++++++++++++
[   16.747891] cloud-init[956]: ci-info: +-------+-------------+---------+-----------+-------+
[   16.750909] cloud-init[956]: ci-info: | Route | Destination | Gateway | Interface | Flags |
[   16.753898] cloud-init[956]: ci-info: +-------+-------------+---------+-----------+-------+
[   16.757077] cloud-init[956]: ci-info: |   0   |  fe80::/64  |    ::   |   enp0s3  |   U   |
[   16.759582] cloud-init[956]: ci-info: |   4   |   ff00::/8  |    ::   |   enp0s3  |   U   |
[   16.762235] cloud-init[956]: ci-info: +-------+-------------+---------+-----------+-------+
[   16.765150] cloud-init[956]: Generating public/private rsa key pair.
[   16.767801] cloud-init[956]: Your identification has been saved in /etc/ssh/ssh_host_rsa_key.
[   16.770754] cloud-init[956]: Your public key has been saved in /etc/ssh/ssh_host_rsa_key.pub.
[   16.774321] cloud-init[956]: The key fingerprint is:
[   16.776674] cloud-init[956]: SHA256:jFthezSFfTQS2sILq2ugA3ni4zevuN0I0IBD57QdSu4 root@ubuntu-xenial
[   16.781408] cloud-init[956]: The key's randomart image is:
[   16.784280] cloud-init[956]: +---[RSA 2048]----+
[   16.786465] cloud-init[956]: | . + .     o+oo  |
[   16.788927] cloud-init[956]: |o * + .  ..+.... |
[   16.791215] cloud-init[956]: |+  = .  + * ..   |
[   16.793392] cloud-init[956]: | +.    + * +     |
[   16.795481] cloud-init[956]: |...E  . S o      |
[   16.797520] cloud-init[956]: |= . .  + .       |
[   16.799526] cloud-init[956]: |.= . .o          |
[   16.801722] cloud-init[956]: | o*oo ..         |
[   16.803897] cloud-init[956]: |.++=++.          |
[   16.806689] cloud-init[956]: +----[SHA256]-----+
[   16.808559] cloud-init[956]: Generating public/private dsa key pair.
[   16.810592] cloud-init[956]: Your identification has been saved in /etc/ssh/ssh_host_dsa_key.
[   16.813119] cloud-init[956]: Your public key has been saved in /etc/ssh/ssh_host_dsa_key.pub.
[   16.815726] cloud-init[956]: The key fingerprint is:
[   16.817542] cloud-init[956]: SHA256:HMav/fV/0wTg3I5yD0yQ/No4zqW1v88FTEs05MTA8Yc root@ubuntu-xenial
[   16.820121] cloud-init[956]: The key's randomart image is:
[   16.822863] cloud-init[956]: +---[DSA 1024]----+
[   16.824733] cloud-init[956]: |         . oo==  |
[   16.826388] cloud-init[956]: |       .  + o=.o |
[   16.828070] cloud-init[956]: |        +  = oE .|
[   16.829789] cloud-init[956]: |       o o  =+oo |
[   16.831459] cloud-init[956]: |        S .* o+. |
[   16.833180] cloud-init[956]: |         o= O ...|
[   16.835259] cloud-init[956]: |        .o.B +..o|
[   16.836956] cloud-init[956]: |          +....++|
[   16.839596] cloud-init[956]: |            ..ooO|
[   16.841640] cloud-init[956]: +----[SHA256]-----+
[   16.843669] cloud-init[956]: Generating public/private ecdsa key pair.
[   16.845895] cloud-init[956]: Your identification has been saved in /etc/ssh/ssh_host_ecdsa_key.
[   16.848414] cloud-init[956]: Your public key has been saved in /etc/ssh/ssh_host_ecdsa_key.pub.
[   16.850966] cloud-init[956]: The key fingerprint is:
[   16.852718] cloud-init[956]: SHA256:fYiiVVxm877QoZQCIigC1mhnjJBgRoQWFlxRHczQ1zE root@ubuntu-xenial
[   16.856110] cloud-init[956]: The key's randomart image is:
[   16.858063] cloud-init[956]: +---[ECDSA 256]---+
[   16.859743] cloud-init[956]: |%%Xo+oB.. *E.    |
[   16.861476] cloud-init[956]: |@* * . B = =.    |
[   16.863146] cloud-init[956]: |= o     = o o    |
[   16.864823] cloud-init[956]: |       . = = .   |
[   16.866494] cloud-init[956]: |      o S = +    |
[   16.868253] cloud-init[956]: |     o .   o .   |
[   16.870114] cloud-init[956]: |    .       .    |
[   16.872131] cloud-init[956]: |                 |
[   16.873939] cloud-init[956]: |                 |
[   16.875615] cloud-init[956]: +----[SHA256]-----+
[   16.877435] cloud-init[956]: Generating public/private ed25519 key pair.
[   16.879565] cloud-init[956]: Your identification has been saved in /etc/ssh/ssh_host_ed25519_key.
[   16.882047] cloud-init[956]: Your public key has been saved in /etc/ssh/ssh_host_ed25519_key.pub.
[   16.884593] cloud-init[956]: The key fingerprint is:
[   16.887510] cloud-init[956]: SHA256:V/fC2jqFFPudZL/4BGcA0PZgycISWmxULgIBjTAHapo root@ubuntu-xenial
[   16.891261] cloud-init[956]: The key's randomart image is:
[   16.893300] cloud-init[956]: +--[ED25519 256]--+
[   16.895280] cloud-init[956]: |=o=o. o++o+..    |
[   16.897399] cloud-init[956]: |.+ .. o+.o Bo    |
[   16.899541] cloud-init[956]: |..   o....+ ++.  |
[   16.901284] cloud-init[956]: |o.    . .  .o+.+ |
[[0;32m  OK  [0m] Started Initial cloud-init job (metadata service crawler).
[[0;32m  OK  [0m] Reached target Network is Online.
[   16.904265] cloud-init[956]: |E       S .. +=++|
[   16.910346] cloud-init[956]: |         .  .o*oo|
[   16.911851] cloud-init[956]: |            ..o..|
[   16.913650] cloud-init[956]: |            .o.. |
[   16.915259] cloud-init[956]: |            .... |
[   16.917119] cloud-init[956]: +----[SHA256]-----+
         Starting iSCSI initiator daemon (iscsid)...
[[0;32m  OK  [0m] Reached target System Initialization.
[[0;32m  OK  [0m] Started ACPI Events Check.
[[0;32m  OK  [0m] Reached target Paths.
         Starting LXD - unix socket.
[[0;32m  OK  [0m] Listening on ACPID Listen Socket.
[[0;32m  OK  [0m] Listening on D-Bus System Message Bus Socket.
[[0;32m  OK  [0m] Started Daily Cleanup of Temporary Directories.
[[0;32m  OK  [0m] Started Daily apt download activities.
[[0;32m  OK  [0m] Started Daily apt upgrade and clean activities.
[[0;32m  OK  [0m] Reached target Timers.
[[0;32m  OK  [0m] Listening on UUID daemon activation socket.
         Starting Socket activation for snappy daemon.
[[0;32m  OK  [0m] Reached target Cloud-config availability.
[[0;32m  OK  [0m] Listening on LXD - unix socket.
[[0;32m  OK  [0m] Listening on Socket activation for snappy daemon.
[[0;32m  OK  [0m] Started iSCSI initiator daemon (iscsid).
         Starting Login to default iSCSI targets...
[[0;32m  OK  [0m] Reached target Sockets.
[[0;32m  OK  [0m] Reached target Basic System.
         Starting Accounts Service...
         Starting LXD - container startup/shutdown...
[[0;32m  OK  [0m] Started D-Bus System Message Bus.
[[0;32m  OK  [0m] Started Deferred execution scheduler.
         Starting LSB: MD monitoring daemon...
[[0;32m  OK  [0m] Started Unattended Upgrades Shutdown.
[[0;32m  OK  [0m] Started ACPI event daemon.
         Starting Login Service...
[[0;32m  OK  [0m] Started Regular background program processing daemon.
         Starting System Logging Service...
         Starting /etc/rc.local Compatibility...
         Starting Virtualbox guest utils...
         Starting Pollinate to seed the pseudo random number generator...
         Starting Snappy daemon...
         Starting LSB: Record successful boot for GRUB...
[[0;32m  OK  [0m] Started FUSE filesystem for LXC.
[[0;32m  OK  [0m] Started /etc/rc.local Compatibility.
[[0;32m  OK  [0m] Started System Logging Service.
[[0;32m  OK  [0m] Started Login to default iSCSI targets.
[[0;32m  OK  [0m] Started LXD - container startup/shutdown.
[[0;32m  OK  [0m] Started LSB: MD monitoring daemon.
[[0;32m  OK  [0m] Started LSB: Record successful boot for GRUB.
         Starting Authenticate and Authorize Users to Run Privileged Tasks...
[[0;32m  OK  [0m] Reached target Remote File Systems (Pre).
[[0;32m  OK  [0m] Reached target Remote File Systems.
         Starting LSB: automatic crash report generation...
         Starting LSB: daemon to balance interrupts for SMP systems...
         Starting Permit User Sessions...
         Starting LSB: Set the CPU Frequency Scaling governor to "ondemand"...
[[0;32m  OK  [0m] Started Permit User Sessions.
[[0;32m  OK  [0m] Started Login Service.
[[0;32m  OK  [0m] Started Authenticate and Authorize Users to Run Privileged Tasks.
[[0;32m  OK  [0m] Started Accounts Service.
         Starting Terminate Plymouth Boot Screen...
         Starting Hold until boot process finishes up...
[[0;32m  OK  [0m] Started LSB: Set the CPU Frequency Scaling governor to "ondemand".
[[0;32m  OK  [0m] Started Hold until boot process finishes up.
[[0;32m  OK  [0m] Started LSB: daemon to balance interrupts for SMP systems.
[[0;32m  OK  [0m] Started Terminate Plymouth Boot Screen.
[[0;32m  OK  [0m] Started Virtualbox guest utils.
[[0;32m  OK  [0m] Started LSB: automatic crash report generation.
[[0;32m  OK  [0m] Started Snappy daemon.
         Starting Wait until snapd is fully seeded...
[[0;32m  OK  [0m] Started Serial Getty on ttyS0.
[[0;32m  OK  [0m] Started Getty on tty1.
[[0;32m  OK  [0m] Reached target Login Prompts.
         Starting Set console scheme...
[[0;32m  OK  [0m] Started Set console scheme.
[[0;32m  OK  [0m] Started Pollinate to seed the pseudo random number generator.
         Starting OpenBSD Secure Shell server...
[[0;32m  OK  [0m] Started OpenBSD Secure Shell server.
[[0;32m  OK  [0m] Created slice User Slice of vagrant.
         Starting User Manager for UID 1000...
[[0;32m  OK  [0m] Started Session 1 of user vagrant.
[[0;32m  OK  [0m] Started User Manager for UID 1000.
[[0;32m  OK  [0m] Started Wait until snapd is fully seeded.
         Starting Apply the settings specified in cloud-config...
[[0;32m  OK  [0m] Reached target Multi-User System.
[[0;32m  OK  [0m] Reached target Graphical Interface.
         Starting Update UTMP about System Runlevel Changes...
[[0;32m  OK  [0m] Started Update UTMP about System Runlevel Changes.
[   22.130458] cloud-init[1450]: Generating locales (this might take a while)...
         Stopping User Manager for UID 1000...
[[0;32m  OK  [0m] Stopped User Manager for UID 1000.
[[0;32m  OK  [0m] Removed slice User Slice of vagrant.
[[0;32m  OK  [0m] Created slice User Slice of vagrant.
         Starting User Manager for UID 1000...
[[0;32m  OK  [0m] Started Session 2 of user vagrant.
[[0;32m  OK  [0m] Started User Manager for UID 1000.

Ubuntu 16.04.5 LTS ubuntu-xenial ttyS0

ubuntu-xenial login: [   25.128257] cloud-init[1450]:   en_US.UTF-8... done
[   25.130788] cloud-init[1450]: Generation complete.
[   25.951158] cloud-init[1450]: Cloud-init v. 18.4-0ubuntu1~16.04.2 running 'modules:config' at Wed, 13 Feb 2019 12:45:05 +0000. Up 21.84 seconds.
ci-info: no authorized ssh keys fingerprints found for user ubuntu.
<14>Feb 13 12:45:10 ec2: 
<14>Feb 13 12:45:10 ec2: #############################################################
<14>Feb 13 12:45:10 ec2: -----BEGIN SSH HOST KEY FINGERPRINTS-----
<14>Feb 13 12:45:10 ec2: 1024 SHA256:HMav/fV/0wTg3I5yD0yQ/No4zqW1v88FTEs05MTA8Yc root@ubuntu-xenial (DSA)
<14>Feb 13 12:45:10 ec2: 256 SHA256:fYiiVVxm877QoZQCIigC1mhnjJBgRoQWFlxRHczQ1zE root@ubuntu-xenial (ECDSA)
<14>Feb 13 12:45:10 ec2: 256 SHA256:V/fC2jqFFPudZL/4BGcA0PZgycISWmxULgIBjTAHapo root@ubuntu-xenial (ED25519)
<14>Feb 13 12:45:10 ec2: 2048 SHA256:jFthezSFfTQS2sILq2ugA3ni4zevuN0I0IBD57QdSu4 root@ubuntu-xenial (RSA)
<14>Feb 13 12:45:10 ec2: -----END SSH HOST KEY FINGERPRINTS-----
<14>Feb 13 12:45:10 ec2: #############################################################
-----BEGIN SSH HOST KEY KEYS-----
ecdsa-sha2-nistp256 AAAAE2VjZHNhLXNoYTItbmlzdHAyNTYAAAAIbmlzdHAyNTYAAABBBE6X7EcqVKNuZe3MaWR1IQ0LnFeE4Cw8j3FK3dyWWWsiAvAIAZqF994pfgw6fnX9XNSm88JjqYWPejul+7IyURk= root@ubuntu-xenial
ssh-ed25519 AAAAC3NzaC1lZDI1NTE5AAAAIC+SricfPkaBlgnghkwHjqeLKFrnXf0dkBPd3wYDQmqk root@ubuntu-xenial
ssh-rsa AAAAB3NzaC1yc2EAAAADAQABAAABAQCayImq038HIMdMOQT+AwUVa2mwSJCLqHqdULukFXoLGbgg0HjdqMmy4LouyCAvI4vSPUe1J/gYXC+aLkwFiZsgaWHObfNan21LBJyor+Riskd2xjyxDoWzhvYdxr/+UFCj095/RyEwbE9b8ntBsvDMUtve71ujxgB1gaB5QVf2WBcSsANMfKtDckqesUxlC35D45SvPZWd39kpqz9bCBF3+2RK9bYSDI9zmhUmUKTqbcXCQrqwGe61z8LKbMjDVHHIQoan4ZIChedJqx1VyrEhERYZBNBHyChYjyU+Lrap+KAneDhBQhCzQo64fiorRj+Q3yhje+92Em8KCm4gtINv root@ubuntu-xenial
-----END SSH HOST KEY KEYS-----
[   27.236642] cloud-init[1768]: Cloud-init v. 18.4-0ubuntu1~16.04.2 running 'modules:final' at Wed, 13 Feb 2019 12:45:10 +0000. Up 26.90 seconds.
[   27.244703] cloud-init[1768]: ci-info: no authorized ssh keys fingerprints found for user ubuntu.
[   27.248110] cloud-init[1768]: Cloud-init v. 18.4-0ubuntu1~16.04.2 finished at Wed, 13 Feb 2019 12:45:10 +0000. Datasource DataSourceNoCloud [seed=/dev/sdb][dsmode=net].  Up 27.21 seconds
[ 2699.487259] e1000 0000:00:03.0 enp0s3: Detected Tx Unit Hang
[ 2699.487259]   Tx Queue             <0>
[ 2699.487259]   TDH                  <6b>
[ 2699.487259]   TDT                  <6d>
[ 2699.487259]   next_to_use          <6d>
[ 2699.487259]   next_to_clean        <6b>
[ 2699.487259] buffer_info[next_to_clean]
[ 2699.487259]   time_stamp           <1000925b9>
[ 2699.487259]   next_to_watch        <6c>
[ 2699.487259]   jiffies              <1000927dc>
[ 2699.487259]   next_to_watch.status <0>
[ 2701.502424] e1000 0000:00:03.0 enp0s3: Detected Tx Unit Hang
[ 2701.502424]   Tx Queue             <0>
[ 2701.502424]   TDH                  <6b>
[ 2701.502424]   TDT                  <6d>
[ 2701.502424]   next_to_use          <6d>
[ 2701.502424]   next_to_clean        <6b>
[ 2701.502424] buffer_info[next_to_clean]
[ 2701.502424]   time_stamp           <1000925b9>
[ 2701.502424]   next_to_watch        <6c>
[ 2701.502424]   jiffies              <1000929d4>
[ 2701.502424]   next_to_watch.status <0>
[ 2703.521566] e1000 0000:00:03.0 enp0s3: Detected Tx Unit Hang
[ 2703.521566]   Tx Queue             <0>
[ 2703.521566]   TDH                  <6b>
[ 2703.521566]   TDT                  <6d>
[ 2703.521566]   next_to_use          <6d>
[ 2703.521566]   next_to_clean        <6b>
[ 2703.521566] buffer_info[next_to_clean]
[ 2703.521566]   time_stamp           <1000925b9>
[ 2703.521566]   next_to_watch        <6c>
[ 2703.521566]   jiffies              <100092bcd>
[ 2703.521566]   next_to_watch.status <0>
[ 2704.188854] e1000 0000:00:03.0 enp0s3: Reset adapter
